// Jest Snapshot v1, https://goo.gl/fbAQLP

exports[`executor should advance the state given the example plan 1`] = `
Array [
  Object {
    "deadline": "7am",
    "sentAt": "2018-11-23T06:00:00-06:00",
    "type": "outbound",
    "value": "wake up - 60 minutes",
  },
  Object {
    "key": "2018-11-23:tasks:0:announcement",
    "type": "set",
    "value": true,
  },
  Object {
    "deadline": "7:15am",
    "sentAt": "2018-11-23T07:00:00-06:00",
    "type": "outbound",
    "value": "theanine, agmatine, curcumin - 15 minutes",
  },
  Object {
    "key": "2018-11-23:tasks:1:announcement",
    "type": "set",
    "value": true,
  },
  Object {
    "deadline": "8:00am",
    "sentAt": "2018-11-23T07:15:00-06:00",
    "type": "outbound",
    "value": "wash - 45 minutes",
  },
  Object {
    "key": "2018-11-23:tasks:2:announcement",
    "type": "set",
    "value": true,
  },
  Object {
    "deadline": "10:00am",
    "sentAt": "2018-11-23T08:00:00-06:00",
    "type": "outbound",
    "value": "10g protein; 10g fat - 120 minutes",
  },
  Object {
    "key": "2018-11-23:tasks:3:announcement",
    "type": "set",
    "value": true,
  },
  Object {
    "deadline": "4:00pm",
    "sentAt": "2018-11-23T10:00:00-06:00",
    "type": "outbound",
    "value": "be prepared to stop eating - 360 minutes",
  },
  Object {
    "key": "2018-11-23:tasks:4:announcement",
    "type": "set",
    "value": true,
  },
  Object {
    "deadline": "6:00pm",
    "sentAt": "2018-11-23T16:00:00-06:00",
    "type": "outbound",
    "value": "stop eating - 120 minutes",
  },
  Object {
    "key": "2018-11-23:tasks:5:announcement",
    "type": "set",
    "value": true,
  },
  Object {
    "deadline": "8:00pm",
    "sentAt": "2018-11-23T18:00:00-06:00",
    "type": "outbound",
    "value": "write - 120 minutes",
  },
  Object {
    "key": "2018-11-23:tasks:6:announcement",
    "type": "set",
    "value": true,
  },
  Object {
    "deadline": "8:20pm",
    "sentAt": "2018-11-23T20:00:00-06:00",
    "type": "outbound",
    "value": "draw - 20 minutes",
  },
  Object {
    "key": "2018-11-23:tasks:7:announcement",
    "type": "set",
    "value": true,
  },
  Object {
    "deadline": "8:40pm",
    "sentAt": "2018-11-23T20:20:00-06:00",
    "type": "outbound",
    "value": "wash - 20 minutes",
  },
  Object {
    "key": "2018-11-23:tasks:8:announcement",
    "type": "set",
    "value": true,
  },
  Object {
    "deadline": "9:00pm",
    "sentAt": "2018-11-23T20:40:00-06:00",
    "type": "outbound",
    "value": "meditate - 20 minutes",
  },
  Object {
    "key": "2018-11-23:tasks:9:announcement",
    "type": "set",
    "value": true,
  },
  Object {
    "deadline": "9:30pm",
    "sentAt": "2018-11-23T21:00:00-06:00",
    "type": "outbound",
    "value": "read a book - 30 minutes",
  },
  Object {
    "key": "2018-11-23:tasks:10:announcement",
    "type": "set",
    "value": true,
  },
]
`;
